HLThuphap1BKupgrade HLThuphap1BKupgrade <bkhcm2.enc <htf1bkup.ttf
HLButlatre HLButlatre <bkhcm2.enc <hlblatre.ttf
 	HLButlong HLButlong <bkhcm2.enc <hlblong.ttf
 	HLBrush1BK HLBrush1BK <bkhcm2.enc <hlbrush1.ttf
	HLBrush2BK HLBrush2BK <bkhcm2.enc <hlbrush2.ttf
	HLBrush3BK HLBrush3BK <bkhcm2.enc <hlbrush3.ttf
HLComicBoom HLComicBoom <bkhcm2.enc <hlcomibm.ttf
HLComic1Normal HLComic1Normal <bkhcm2.enc <hlcomic1.ttf
HLComic2 HLComic2 <bkhcm2.enc <hlcomic2.ttf
HLFantasy1 HLFantasy1 <bkhcm2.enc <hlfants1.ttf
HLFantasy2 HLFantasy2 <bkhcm2.enc <hlfants2.ttf
HLFantasy3 HLFantasy3 <bkhcm2.enc <hlfants3.ttf
HLFreewrite HLFreewrite <bkhcm2.enc <hlfreewr.ttf
HLGiotmuc HLGiotmuc <bkhcm2.enc <hlgiomuc.ttf
HLNetbutlong HLNetbutlong <bkhcm2.enc <hlnetbut.ttf
HLNetco1BK HLNetco1BK <bkhcm2.enc <hlnetco1.ttf
HLNhenhang HLNhenhang <bkhcm2.enc <hlnhenha.ttf
HLSlapstickComic HLSlapstickComic <bkhcm2.enc <hlscomic.ttf
HLDongian HLDongian <bkhcm2.enc <hlsimple.ttf
HLThuphap4BK HLThuphap4BK <bkhcm2.enc <hltfap4e.ttf
HLThanhcao HLThanhcao <bkhcm2.enc <hlthcao.ttf
HLThuphap2BK HLThuphap2BK <bkhcm2.enc <hltphbk2.ttf
HLVungchac HLVungchac <bkhcm2.enc <hlvgchac.ttf
HLThuphap3BKupgrade HLThuphap3BKupgrade <bkhcm2.enc <htf3bkup.ttf
